// Jest Snapshot v1, https://goo.gl/fbAQLP

exports[`Badge component test suite Should render Badge 1`] = `
.c0 {
  height: 16px;
  display: -webkit-inline-box;
  display: -webkit-inline-flex;
  display: -ms-inline-flexbox;
  display: inline-flex;
  -webkit-box-pack: center;
  -webkit-justify-content: center;
  -ms-flex-pack: center;
  justify-content: center;
  -webkit-align-items: center;
  -webkit-box-align: center;
  -ms-flex-align: center;
  align-items: center;
  font-weight: 600;
  font-size: 12px;
  line-height: 14px;
  text-align: center;
  border-radius: 10px;
  padding: 1px 8px;
  color: #FFFFFF;
  background: #2C5CC5;
}

<span
  class="c0"
  type="primary"
>
   90 
</span>
`;
